Flutter crash report.
Please report a bug at https://github.com/flutter/flutter/issues.

## command

flutter build apk --debug

## exception

ProcessPackageException: ProcessException: Found candidates, but lacked sufficient permissions to execute "/mnt/sdcard/Download/zenin-messenger-flutter/android/gradlew".
  Command: /mnt/sdcard/Download/zenin-messenger-flutter/android/gradlew 

```
#0      LocalProcessManager.start (package:process/src/interface/local_process_manager.dart:56:7)
#1      ErrorHandlingProcessManager.start.<anonymous closure> (package:flutter_tools/src/base/error_handling_io.dart:1284:26)
#2      _run (package:flutter_tools/src/base/error_handling_io.dart:1052:22)
#3      ErrorHandlingProcessManager.start (package:flutter_tools/src/base/error_handling_io.dart:1282:12)
#4      _DefaultProcessUtils.start (package:flutter_tools/src/base/process.dart:538:28)
#5      _DefaultProcessUtils.stream (package:flutter_tools/src/base/process.dart:558:35)
#6      AndroidGradleBuilder._runGradleTask (package:flutter_tools/src/android/gradle.dart:352:38)
#7      AndroidGradleBuilder.buildGradleApp (package:flutter_tools/src/android/gradle.dart:629:32)
<asynchronous suspension>
#8      AndroidGradleBuilder.buildApk (package:flutter_tools/src/android/gradle.dart:246:5)
<asynchronous suspension>
#9      BuildApkCommand.runCommand (package:flutter_tools/src/commands/build_apk.dart:132:5)
<asynchronous suspension>
#10     FlutterCommand.run.<anonymous closure> (package:flutter_tools/src/runner/flutter_command.dart:1663:27)
<asynchronous suspension>
#11     AppContext.run.<anonymous closure> (package:flutter_tools/src/base/context.dart:154:19)
<asynchronous suspension>
#12     CommandRunner.runCommand (package:args/command_runner.dart:212:13)
<asynchronous suspension>
#13     FlutterCommandRunner.runCommand.<anonymous closure> (package:flutter_tools/src/runner/flutter_command_runner.dart:496:9)
<asynchronous suspension>
#14     AppContext.run.<anonymous closure> (package:flutter_tools/src/base/context.dart:154:19)
<asynchronous suspension>
#15     FlutterCommandRunner.runCommand (package:flutter_tools/src/runner/flutter_command_runner.dart:431:5)
<asynchronous suspension>
#16     FlutterCommandRunner.run.<anonymous closure> (package:flutter_tools/src/runner/flutter_command_runner.dart:307:33)
<asynchronous suspension>
#17     run.<anonymous closure>.<anonymous closure> (package:flutter_tools/runner.dart:104:11)
<asynchronous suspension>
#18     AppContext.run.<anonymous closure> (package:flutter_tools/src/base/context.dart:154:19)
<asynchronous suspension>
#19     main (package:flutter_tools/executable.dart:103:3)
<asynchronous suspension>
```

## flutter doctor

```
[32m[✓][39m Flutter (Channel stable, 3.47.5, on Debian GNU/Linux
    13 (trixie) 6.17.0-PRoot-Distro, locale en_US)
    [380ms]
    [32m•[39m Flutter version 3.47.5 on channel stable at
      /opt/flutter
    [32m•[39m Upstream repository
      https://github.com/flutter/flutter.git
    [32m•[39m Framework revision 6a19cca564 (3 days ago),
      2026-09-17 14:13:22 -0400
    [32m•[39m Engine revision af7e796e16
    [32m•[39m Dart version 3.13.4
    [32m•[39m DevTools version 2.60.0
    [32m•[39m Feature flags: enable-web, enable-linux-desktop,
      enable-macos-desktop, enable-windows-desktop,
      enable-android, enable-ios, cli-animations,
      enable-native-assets, enable-record-use,
      enable-swift-package-manager,
      omit-legacy-version-file, enable-lldb-debugging,
      enable-uiscene-migration

[33m[!][39m Android toolchain - develop for Android devices
    (Android SDK version 35.0.0) [8.5s]
    [32m•[39m Android SDK at /root/Android/Sdk
    [32m•[39m Emulator version unknown
    [31m✗[39m Flutter requires Android SDK 36 and the Android
      BuildTools 28.0.3
      To update the Android SDK visit
      https://flutter.dev/to/linux-android-setup for
      detailed instructions.
    [32m•[39m All Android licenses accepted.

[31m[✗][39m Chrome - develop for the web (Cannot find Chrome
    executable at google-chrome) [120ms]
    [33m![39m Cannot find Chrome. Try setting CHROME_EXECUTABLE
      to a Chrome executable.

[31m[✗][39m Linux toolchain - develop for Linux desktop [910ms]
    [32m•[39m clang version 21.1.8
    [31m✗[39m CMake is required for Linux development.
      It is likely available from your distribution
      (e.g.: apt install cmake), or can be downloaded
      from https://cmake.org/download/
    [31m✗[39m ninja is required for Linux development.
      It is likely available from your distribution
      (e.g.: apt install ninja-build), or can be
      downloaded from
      https://github.com/ninja-build/ninja/releases
    [32m•[39m pkg-config version 0.29.2
    [31m✗[39m GTK 3.0 development libraries are required for
      Linux development.
      They are likely available from your distribution
      (e.g.: apt install libgtk-3-dev)
    [33m![39m Unable to access driver information using
      'eglinfo'.
      It is likely available from your distribution
      (e.g.: apt install mesa-utils)

[31m[☠][39m Connected device (the doctor check crashed)
    [31m✗[39m Due to an error, the doctor check did not
      complete. If the error message below is not
      helpful, please let us know about this issue at
      https://github.com/flutter/flutter/issues.
    [31m✗[39m Error: Flutter failed to run
      "/root/Android/Sdk/platform-tools/adb devices -l".
      The file or directory could not be found.
      ProcessException: No such file or directory
        Command: /root/Android/Sdk/platform-tools/adb
        devices -l
      This can sometimes happen if the file was deleted
      or moved while the tool was running. Try running
      "flutter clean" and try again.
    [32m•[39m #0      throwToolExit
      (package:flutter_tools/src/base/common.dart:34:3)
      #1      _throwFileSystemException
      (package:flutter_tools/src/base/error_handling_io.
      dart:1502:3)
      #2      _handlePosixException
      (package:flutter_tools/src/base/error_handling_io.
      dart:1400:3)
      #3      _onProcessException
      (package:flutter_tools/src/base/error_handling_io.
      dart:1350:5)
      #4      _run
      (package:flutter_tools/src/base/error_handling_io.
      dart:1097:7)
      <asynchronous suspension>
      #5      _DefaultProcessUtils.run
      (package:flutter_tools/src/base/process.dart:369:3
      7)
      <asynchronous suspension>
      #6      AndroidDevices.pollingGetDevices
      (package:flutter_tools/src/android/android_device_
      discovery.dart:71:15)
      <asynchronous suspension>
      #7      PollingDeviceDiscovery._populateDevices
      (package:flutter_tools/src/device.dart:558:36)
      <asynchronous suspension>
      #8      Future.wait.<anonymous closure>
      (dart:async/future.dart:567:21)
      <asynchronous suspension>
      #9      DeviceManager.refreshAllDevices
      (package:flutter_tools/src/device.dart:201:40)
      <asynchronous suspension>
      #10     DeviceValidator.validateImpl
      (package:flutter_tools/src/doctor.dart:781:34)
      <asynchronous suspension>
      #11     DoctorValidator.validate
      (package:flutter_tools/src/doctor_validator.dart:5
      8:37)
      <asynchronous suspension>
      #12     Future.any.onValue
      (dart:async/future.dart:658:5)
      <asynchronous suspension>


[32m[✓][39m Network resources [1,522ms]
    [32m•[39m All expected network resources are available.

[33m![39m Doctor found issues in 4 categories.
```
